// Jest Snapshot v1, https://goo.gl/fbAQLP

exports[`Footer Base Component with custom id, gold background verifies the snapshot for the component 1`] = `"<footer role="contentinfo" id="custom-id--footer-base" class="footer screen-width-root background-white font-default font-black"><div class="footer-content-outer screen-width-content-outer background-gold"><div class="footer-content-inner screen-width-content-inner">Footer base text content.</div></div></footer>"`;

exports[`Footer Base Component with default id, green background verifies the snapshot for the component 1`] = `"<footer role="contentinfo" id="default-id--footer-base" class="footer screen-width-root background-white font-default font-white"><div class="footer-content-outer screen-width-content-outer background-green"><div class="footer-content-inner screen-width-content-inner">Footer base text content.</div></div></footer>"`;

exports[`Footer Base Component with default id, green-2 background verifies the snapshot for the component 1`] = `"<footer role="contentinfo" id="default-id--footer-base" class="footer screen-width-root background-white font-default font-black"><div class="footer-content-outer screen-width-content-outer background-green-2"><div class="footer-content-inner screen-width-content-inner">Footer base text content.</div></div></footer>"`;

exports[`Footer Base Component with default id, grey background verifies the snapshot for the component 1`] = `"<footer role="contentinfo" id="default-id--footer-base" class="footer screen-width-root background-white font-default font-white"><div class="footer-content-outer screen-width-content-outer background-grey-2"><div class="footer-content-inner screen-width-content-inner">Footer base text content.</div></div></footer>"`;

exports[`Footer Base Component with default id, navy and gold background verifies the snapshot for the component 1`] = `"<footer role="contentinfo" id="default-id--footer-base" class="footer screen-width-root background-white font-default font-gold"><div class="footer-content-outer screen-width-content-outer background-navy"><div class="footer-content-inner screen-width-content-inner">Footer base text content.</div></div></footer>"`;

exports[`Footer Base Component with default id, navy and white background verifies the snapshot for the component 1`] = `"<footer role="contentinfo" id="default-id--footer-base" class="footer screen-width-root background-white font-default font-white"><div class="footer-content-outer screen-width-content-outer background-navy"><div class="footer-content-inner screen-width-content-inner">Footer base text content.</div></div></footer>"`;

exports[`Footer Base Component with default id, red background verifies the snapshot for the component 1`] = `"<footer role="contentinfo" id="default-id--footer-base" class="footer screen-width-root background-white font-default font-white"><div class="footer-content-outer screen-width-content-outer background-red"><div class="footer-content-inner screen-width-content-inner">Footer base text content.</div></div></footer>"`;

exports[`Footer Base Component with default id, white background verifies the snapshot for the component 1`] = `"<footer role="contentinfo" id="default-id--footer-base" class="footer screen-width-root background-white font-default font-black"><div class="footer-content-outer screen-width-content-outer background-white"><div class="footer-content-inner screen-width-content-inner">Footer base text content.</div></div></footer>"`;

exports[`Footer Base Default component verifies the snapshot for the component 1`] = `"<footer role="contentinfo" id="default-id--footer-base" class="footer screen-width-root background-white font-default font-black"><div class="footer-content-outer screen-width-content-outer background-white"><div class="footer-content-inner screen-width-content-inner">Footer base text content.</div></div></footer>"`;
