// Jest Snapshot v1, https://goo.gl/fbAQLP

exports[`Header Base Component with custom id, small size, no background image, white background, gold top border verifies the snapshot for the component 1`] = `"<header role="banner" id="custom-id--header-base" class="header screen-width-root background-white"><div class="header-content-outer screen-width-content-outer background-white header-border-top-gold" data-bgimage="false"><div class="header-content-inner screen-width-content-inner header-small-height-with-border">Header base text content.</div></div></header>"`;

exports[`Header Base Component with default id, default size, no background image, default background, navy top border verifies the snapshot for the component 1`] = `"<header role="banner" id="default-id--header-base" class="header screen-width-root background-white"><div class="header-content-outer screen-width-content-outer background-white header-border-top-navy" data-bgimage="false"><div class="header-content-inner screen-width-content-inner header-small-height-with-border">Header base text content.</div></div></header>"`;

exports[`Header Base Component with default id, default size, no background image, default background, red top border verifies the snapshot for the component 1`] = `"<header role="banner" id="default-id--header-base" class="header screen-width-root background-white"><div class="header-content-outer screen-width-content-outer background-white header-border-top-red" data-bgimage="false"><div class="header-content-inner screen-width-content-inner header-small-height-with-border">Header base text content.</div></div></header>"`;

exports[`Header Base Component with default id, small size, no background image, grey background, green top border verifies the snapshot for the component 1`] = `"<header role="banner" id="default-id--header-base" class="header screen-width-root background-white"><div class="header-content-outer screen-width-content-outer background-grey header-border-top-green" data-bgimage="false"><div class="header-content-inner screen-width-content-inner header-small-height-with-border">Header base text content.</div></div></header>"`;

exports[`Header Base Component with default id, small size, with background image, default background, top border switched off verifies the snapshot for the component 1`] = `"<header role="banner" id="default-id--header-base" class="header screen-width-root background-white"><div class="header-content-outer screen-width-content-outer" data-bgimage="true"><div class="header-content-inner screen-width-content-inner header-small-height-no-border">Header base text content.</div></div></header>"`;

exports[`Header Base Component with default id, tall size, no background image, default background, grey top border verifies the snapshot for the component 1`] = `"<header role="banner" id="default-id--header-base" class="header screen-width-root background-white"><div class="header-content-outer screen-width-content-outer background-white header-border-top-grey" data-bgimage="false"><div class="header-content-inner screen-width-content-inner header-tall-height-with-border">Header base text content.</div></div></header>"`;

exports[`Header Base Component with default id, tall size, with background image, default background, green-2 top border verifies the snapshot for the component 1`] = `"<header role="banner" id="default-id--header-base" class="header screen-width-root background-white"><div class="header-content-outer screen-width-content-outer header-border-top-green-2" data-bgimage="true"><div class="header-content-inner screen-width-content-inner header-tall-height-with-border">Header base text content.</div></div></header>"`;

exports[`Header Base Default component verifies the snapshot for the component 1`] = `"<header role="banner" id="default-id--header-base" class="header screen-width-root background-white"><div class="header-content-outer screen-width-content-outer background-white" data-bgimage="false"><div class="header-content-inner screen-width-content-inner header-small-height-no-border">Header base text content.</div></div></header>"`;
