// Jest Snapshot v1, https://goo.gl/fbAQLP

exports[`Header Title Text Component with small header type and black text colour verifies the snapshot for the component 1`] = `"<div id="test-header-title-text-id--title-text" class="title-or-subtitle-text-container background-transparent title-or-subtitle-text-container-small-header" data-wrap="false"><h1 class="title-text-container title-text-font-black" aria-label="Header title text component text content." style="font-size: 3rem; white-space: nowrap; text-align: left;">Header title text component text content.</h1></div>"`;

exports[`Header Title Text Component with tall header type and white text colour verifies the snapshot for the component 1`] = `"<div id="test-header-title-text-id--title-text" class="title-or-subtitle-text-container background-transparent title-or-subtitle-text-container-tall-header" data-wrap="false"><h1 class="title-text-container title-text-font-white" aria-label="Header title text component text content." style="font-size: 3rem; white-space: nowrap; text-align: center;">Header title text component text content.</h1></div>"`;

exports[`Header Title Text Component with undefined header type and undefined text colour verifies the snapshot for the component 1`] = `"<div id="test-header-title-text-id--title-text" class="title-or-subtitle-text-container background-transparent title-or-subtitle-text-container-small-header" data-wrap="false"><h1 class="title-text-container title-text-font-black" aria-label="Header title text component text content." style="font-size: 3rem; white-space: nowrap; text-align: left;">Header title text component text content.</h1></div>"`;
