// Jest Snapshot v1, https://goo.gl/fbAQLP

exports[`Main Base Component with custom id, white background verifies the snapshot for the component 1`] = `"<main id="custom-id--main-base" class="main screen-width-root background-white font-black font-default" aria-label="Component with custom id and white background"><div class="main-content-outer screen-width-content-outer background-white"><div class="main-content-inner screen-width-content-inner">Main base text content.</div></div></main>"`;

exports[`Main Base Component with default id, grey background verifies the snapshot for the component 1`] = `"<main id="default-id--main-base" class="main screen-width-root background-white font-black font-default" aria-label="Component with custom id and grey background"><div class="main-content-outer screen-width-content-outer background-grey"><div class="main-content-inner screen-width-content-inner">Main base text content.</div></div></main>"`;

exports[`Main Base Default component verifies the snapshot for the component 1`] = `"<main id="default-id--main-base" class="main screen-width-root background-white font-black font-default" aria-label="Component with default id"><div class="main-content-outer screen-width-content-outer background-white"><div class="main-content-inner screen-width-content-inner">Main base text content.</div></div></main>"`;
