// Jest Snapshot v1, https://goo.gl/fbAQLP

exports[`Menu Bar Base Component with custom id, white background verifies the snapshot for the component 1`] = `"<nav id="custom-id--menu-bar-base" class="nav screen-width-root background-white"><div class="menu-bar-content-outer screen-width-content-outer background-white"><div class="menu-bar-content-inner screen-width-content-inner">Menu bar base text content.</div></div></nav>"`;

exports[`Menu Bar Base Component with default id, green background verifies the snapshot for the component 1`] = `"<nav id="default-id--menu-bar-base" class="nav screen-width-root background-white"><div class="menu-bar-content-outer screen-width-content-outer background-green"><div class="menu-bar-content-inner screen-width-content-inner">Menu bar base text content.</div></div></nav>"`;

exports[`Menu Bar Base Component with default id, grey background verifies the snapshot for the component 1`] = `"<nav id="default-id--menu-bar-base" class="nav screen-width-root background-white"><div class="menu-bar-content-outer screen-width-content-outer background-grey-2"><div class="menu-bar-content-inner screen-width-content-inner">Menu bar base text content.</div></div></nav>"`;

exports[`Menu Bar Base Component with default id, red background verifies the snapshot for the component 1`] = `"<nav id="default-id--menu-bar-base" class="nav screen-width-root background-white"><div class="menu-bar-content-outer screen-width-content-outer background-red"><div class="menu-bar-content-inner screen-width-content-inner">Menu bar base text content.</div></div></nav>"`;

exports[`Menu Bar Base Default component verifies the snapshot for the component 1`] = `"<nav id="default-id--menu-bar-base" class="nav screen-width-root background-white"><div class="menu-bar-content-outer screen-width-content-outer background-white"><div class="menu-bar-content-inner screen-width-content-inner">Menu bar base text content.</div></div></nav>"`;
