// Jest Snapshot v1, https://goo.gl/fbAQLP

exports[`Header Logo Logo image in small size Header with border, centre alignment, rectangle logo type verifies the snapshot for the component 1`] = `"<div class="background-transparent image-header-logo-inside-header image-header-logo-alignment-centre"><img id="test-component-id--header-logo--decorative-image" class="image image-animations" width="312" height="140" alt="" src="[object Object]"></div>"`;

exports[`Header Logo Logo image in small size Header with border, centre alignment, square logo type verifies the snapshot for the component 1`] = `"<div class="background-transparent image-header-logo-inside-header image-header-logo-alignment-centre"><img id="test-component-id--header-logo--decorative-image" class="image image-animations" width="140" height="140" alt="" src="[object Object]"></div>"`;

exports[`Header Logo Logo image in small size Header with no border, left alignment, rectangle logo type verifies the snapshot for the component 1`] = `"<div class="background-transparent image-header-logo-inside-header image-header-logo-alignment-left"><img id="test-component-id--header-logo--decorative-image" class="image image-animations" width="312" height="144" alt="" src="[object Object]"></div>"`;

exports[`Header Logo Logo image in small size Header with no border, left alignment, square logo type verifies the snapshot for the component 1`] = `"<div class="background-transparent image-header-logo-inside-header image-header-logo-alignment-left"><img id="test-component-id--header-logo--decorative-image" class="image image-animations" width="140" height="144" alt="" src="[object Object]"></div>"`;

exports[`Header Logo Logo image in tall size Header with border, centre alignment, no title text, no subtitle text verifies the snapshot for the component 1`] = `"<div class="background-transparent image-header-logo-inside-header image-header-logo-alignment-centre"><img id="test-component-id--header-logo--decorative-image" class="image image-animations" width="312" height="300" alt="" src="[object Object]"></div>"`;

exports[`Header Logo Logo image in tall size Header with border, default alignment, with title text (with text wrapping), with subtitle text (hidden) verifies the snapshot for the component 1`] = `"<div class="background-transparent image-header-logo-inside-header image-header-logo-alignment-left"><img id="test-component-id--header-logo--decorative-image" class="image image-animations" width="312" height="205" alt="" src="[object Object]"></div>"`;

exports[`Header Logo Logo image in tall size Header with no border, default alignment, with title text (no text wrapping), no subtitle text verifies the snapshot for the component 1`] = `"<div class="background-transparent image-header-logo-inside-header image-header-logo-alignment-left"><img id="test-component-id--header-logo--decorative-image" class="image image-animations" width="312" height="229" alt="" src="[object Object]"></div>"`;

exports[`Header Logo Logo image in tall size Header with no border, default alignment, with title text (no text wrapping), with subtitle text (visible) verifies the snapshot for the component 1`] = `"<div class="background-transparent image-header-logo-inside-header image-header-logo-alignment-left"><img id="test-component-id--header-logo--decorative-image" class="image image-animations" width="312" height="194" alt="" src="[object Object]"></div>"`;

exports[`Header Logo Logo image in tall size Header with no border, left alignment, no title text, no subtitle text verifies the snapshot for the component 1`] = `"<div class="background-transparent image-header-logo-inside-header image-header-logo-alignment-left"><img id="test-component-id--header-logo--decorative-image" class="image image-animations" width="312" height="304" alt="" src="[object Object]"></div>"`;
