// Jest Snapshot v1, https://goo.gl/fbAQLP

exports[`Header Title Text Component rendered in Header, centre alignment, white text colour, maximum font size, no text wrapping, no truncation verifies the snapshot for the component 1`] = `"<div id="in-header--centre-alignment--white-font--no-wrapping--no-truncation--header-title-text" class="background-transparent title-text-size-inside-header title-text-alignment-centre" data-wrap="false"><h1 class="title-text-default title-text-font-white" aria-label="Header title text component text content." style="font-size: 3rem; white-space: nowrap;">Header title text component text content.</h1></div>"`;

exports[`Header Title Text Standalone component, default alignment, default text colour, minimum font size, with text wrapping, with truncation (remove spaces and characters) verifies the snapshot for the component 1`] = `"<div id="standalone--default-alignment--default-font--with-wrapping--with-full-truncation--header-title-text" class="background-transparent page-template-container title-text-alignment-left" data-wrap="true"><h1 class="title-text-default title-text-font-black" aria-label="Header title text component text content." style="font-size: 2rem; white-space: normal; text-align: center;">Head...</h1></div>"`;

exports[`Header Title Text Standalone component, left alignment, black text colour, maximum font size, no text wrapping, no truncation verifies the snapshot for the component 1`] = `"<div id="standalone--left-alignment--black-font--no-wrapping--no-truncation--header-title-text" class="background-transparent page-template-container title-text-alignment-left" data-wrap="false"><h1 class="title-text-default title-text-font-black" aria-label="Header title text component text content." style="font-size: 3rem; white-space: nowrap;">Header title text component text content.</h1></div>"`;
