// Jest Snapshot v1, https://goo.gl/fbAQLP

exports[`Header Logo Logo image in small size Header with no border, left alignment, square logo type verifies the snapshot for the component 1`] = `"<div class="background-transparent image-header-logo-inside-header image-header-logo-alignment-left"><img id="test-component-id--header-logo--decorative-image" class="image" width="140" height="144" alt="" src="[object Object]"></div>"`;
