// Jest Snapshot v1, https://goo.gl/fbAQLP

exports[`Header Type A Header Type A with black top border (default colour), transparent background, left alignment verifies the snapshot for the component 1`] = `"<header role="banner" id="test-header-border-default-bg-transparent-align-left--container" class="ajc-container-screen ajc-header-border-black ajc-background-transparent"><div class="ajc-container-screen-inner"><div id="test-header-border-default-bg-transparent-align-left--content-container" class="ajc-header-content-container ajc-header-content-container-with-border"><div id="test-header-border-default-bg-transparent-align-left--content" class="ajc-header-content ajc-font-default ajc-font-black ajc-header-content-alignment-left">Header text content.</div></div></div></header>"`;

exports[`Header Type A Header Type A with no top border (default), transparent background (default), left alignment (default) verifies the snapshot for the component 1`] = `"<header role="banner" id="test-header-border-none-bg-default-align-default--container" class="ajc-container-screen ajc-background-transparent"><div class="ajc-container-screen-inner"><div id="test-header-border-none-bg-default-align-default--content-container" class="ajc-header-content-container ajc-header-content-container-no-border"><div id="test-header-border-none-bg-default-align-default--content" class="ajc-header-content ajc-font-default ajc-font-black ajc-header-content-alignment-left">Header text content.</div></div></div></header>"`;
